{
  "fields":[
    {
      "name":"username",
      "nameColumn":"username",
      "type":"STRING",
      "primaryKey":false,
      "defaultValue":null
    },
    {
      "name":"enabled",
      "nameColumn":"enabled",
      "type":"BOOLEAN",
      "primaryKey":false,
      "defaultValue":true
    },
    {
      "name":"lastLogin",
      "nameColumn":"last_login",
      "type":"DATE",
      "primaryKey":false,
      "defaultValue":"now()"
    }
  ],
  "references":[
    {
      "isHasOneOrHasMany":true,
      "ref":"addresses",
      "association":"hasOne",
      "foreignKeyName":"undefinedKey"
    },
    {
      "isHasOneOrHasMany":true,
      "ref":"reviews",
      "association":"hasMany",
      "foreignKeyName":"undefinedKey"
    },
    {
      "isBelongsToMany":true,
      "ref":"users_books",
      "association":"belongsToMany",
      "junctionTable":"books",
      "foreignKeyName":"undefinedKey"
    }
  ],
  "primaryKeys":["id"],
  "options":{
    "underscored":true,
    "timestamps":false,
    "hasIdColumn":true,
    "hasPrimaryKeys":true
  }
}