{
  "films": {
    "fields": [
      {
        "name": "author",
        "refTable": "persons",
        "type": "mongoose.Schema.Types.ObjectId"
      },
      {
        "name": "bestActor",
        "refTable": "persons",
        "type": "mongoose.Schema.Types.ObjectId"
      },
      {
        "name": "title",
        "type": "String"
      }
    ],
    "options": {
      "timestamps": false
    },
    "primaryKeys": [
      "_id"
    ],
    "references": []
  },
  "persons": {
    "fields": [
      {
        "name": "cousin",
        "refTable": "persons",
        "type": "mongoose.Schema.Types.ObjectId"
      },
      {
        "name": "dad",
        "refTable": "persons",
        "type": "mongoose.Schema.Types.ObjectId"
      },
      {
        "name": "name",
        "type": "String"
      },
      {
        "name": "preferredFilm",
        "refTable": "films",
        "type": "mongoose.Schema.Types.ObjectId"
      },
      {
        "name": "son",
        "refTable": "persons",
        "type": "mongoose.Schema.Types.ObjectId"
      }
    ],
    "options": {
      "timestamps": false
    },
    "primaryKeys": [
      "_id"
    ],
    "references": []
  }
}
