{
  "users": {
    "fields": [
      {
        "name": "username",
        "nameColumn": "username",
        "type": "STRING",
        "primaryKey": false,
        "defaultValue": null
      },
      {
        "name": "enabled",
        "nameColumn": "enabled",
        "type": "BOOLEAN",
        "primaryKey": false,
        "defaultValue": true
      },
      {
        "name": "lastLogin",
        "nameColumn": "last_login",
        "type": "DATE",
        "primaryKey": false,
        "defaultValue": null
      }
    ],
    "references": [
      {
        "association": "belongsToMany",
        "ref": "books",
        "foreignKey": "user_id",
        "foreignKeyName": "userIdKey",
        "junctionTable": "user_books",
        "otherKey": "book_id"
      },
      {
        "as": "reviews",
        "association": "hasMany",
        "ref": "reviews",
        "foreignKey": "user_id",
        "foreignKeyName": "userIdKey"
      },
      {
        "as": "address",
        "association": "hasOne",
        "ref": "addresses",
        "foreignKey": "user_id",
        "foreignKeyName": "userIdKey"
      }
    ],
    "primaryKeys": ["id"],
    "options": {
      "underscored": true,
      "timestamps": false,
      "hasIdColumn": true,
      "hasPrimaryKeys": true
    }
  }
}
