APPLICATION_PORT=1654

CORS_ORIGINS=

DATABASE_URL=postgres://localhost:27017
DATABASE_SCHEMA=public
DATABASE_SSL=false
# This should be removed in production environment.
DATABASE_REJECT_UNAUTHORIZED=false

FOREST_AUTH_SECRET=
FOREST_ENV_SECRET=
