// This model was generated by Lumber. However, you remain in control of your models.
// Learn how here: https://docs.forestadmin.com/documentation/v/v5/reference-guide/models/enrich-your-models
module.exports = (sequelize, DataTypes) => {
  const { Sequelize } = sequelize;
  // This section contains the fields of your model, mapped to your table's columns.
  // Learn more here: https://docs.forestadmin.com/documentation/v/v5/reference-guide/models/enrich-your-models#declaring-a-new-field-in-a-model
  const Addresses = sequelize.define('addresses', {
    userId: {
      type: DataTypes.INTEGER,
      primaryKey: true,
    },
    street: {
      type: DataTypes.STRING,
    },
    city: {
      type: DataTypes.STRING,
    },
    state: {
      type: DataTypes.STRING,
    },
  }, {
    tableName: 'addresses',
    underscored: true,
    timestamps: false,
    schema: process.env.DATABASE_SCHEMA,
  });

  // This section contains the relationships for this model. See: https://docs.forestadmin.com/documentation/v/v5/reference-guide/relationships#adding-relationships.
  Addresses.associate = (models) => {
    Addresses.belongsTo(models.users, {
      foreignKey: {
        name: 'userIdKey',
        field: 'user_id',
      },
      as: 'user',
    });
  };

  return Addresses;
};
