// This model was generated by Lumber. However, you remain in control of your models.
// Learn how here: https://docs.forestadmin.com/documentation/v/v5/reference-guide/models/enrich-your-models
module.exports = (sequelize, DataTypes) => {
  const { Sequelize } = sequelize;
  // This section contains the fields of your model, mapped to your table's columns.
  // Learn more here: https://docs.forestadmin.com/documentation/v/v5/reference-guide/models/enrich-your-models#declaring-a-new-field-in-a-model
  const Customers = sequelize.define('customers', {
    name: {
      type: DataTypes.STRING,
    },
    description: {
      type: DataTypes.STRING,
    },
    isActive: {
      type: DataTypes.BOOLEAN,
      defaultValue: Sequelize.literal('true'),
    },
    paying: {
      type: DataTypes.BOOLEAN,
    },
    createdAt: {
      type: DataTypes.DATE,
    },
    updatedAt: {
      type: DataTypes.DATE,
    },
  }, {
    tableName: 'customers',
    underscored: true,
    schema: process.env.DATABASE_SCHEMA,
  });

  // This section contains the relationships for this model. See: https://docs.forestadmin.com/documentation/v/v5/reference-guide/relationships#adding-relationships.
  Customers.associate = (models) => {
  };

  return Customers;
};
