{
  "fields": [
    {
      "name": "id",
      "nameColumn": "id",
      "type": "UUID",
      "primaryKey": true,
      "defaultValue": null
    }
  ],
  "references": [
    {
      "ref": "customers",
      "foreignKey": "customer_id",
      "foreignKeyName": "customerId",
      "as": "customer"
    },{
      "as": "city",
      "foreignKey": "city",
      "foreignKeyName": "cityKey",
      "ref": "addresses",
      "targetKey": "city"
    }
  ],
  "primaryKeys": [
    "id"
  ],
  "options": {
    "underscored": false,
    "timestamps": false,
    "hasIdColumn": true,
    "hasPrimaryKeys": true
  }
}
