{
  "fields":[
    {
      "name":"reviewContent",
      "nameColumn":"review_content",
      "type":"STRING",
      "primaryKey":false,
      "defaultValue":null
    },
    {
      "name":"rating",
      "nameColumn":"rating",
      "type":"INTEGER",
      "primaryKey":false,
      "defaultValue":null
    },
    {
      "name":"publishedDate",
      "nameColumn":"published_date",
      "type":"DATE",
      "primaryKey":false,
      "defaultValue":"now()"
    }
  ],
  "references":[
    {
      "isBelongsTo":true,
      "ref":"books",
      "foreignKey":"book_id",
      "foreignKeyName":"bookId",
      "as":"book",
      "association":"belongsTo"
    },
    {
      "isBelongsTo":true,
      "ref":"users",
      "foreignKey":"user_id",
      "foreignKeyName":"userId",
      "as":"user",
      "association":"belongsTo"
    }
  ],
  "primaryKeys":["id"],
  "options":{
    "underscored":true,
    "timestamps":false,
    "hasIdColumn":true,
    "hasPrimaryKeys":true
  }
}