{
  "project": {
    "referencesLength": 4
  },

  "joinroles": {
    "referencesLength": 2
  },

  "roles": {
    "referencesLength": 2
  }
}
