{
  "fields": [
    {
      "name": "id",
      "nameColumn": "id",
      "type": "STRING",
      "primaryKey": true,
      "defaultValue": null
    },
    {
      "name": "city",
      "nameColumn": "city",
      "type": "STRING",
      "primaryKey": false,
      "defaultValue": null
    }
  ],
  "references": [
    {
      "as": "customer",
      "foreignKey": "customer_id",
      "foreignKeyName": "customerId",
      "ref": "customers"
    }
  ],
  "primaryKeys": [
    "id"
  ],
  "options": {
    "underscored": false,
    "timestamps": false,
    "hasIdColumn": true,
    "hasPrimaryKeys": true
  }
}
