{
  "fields":[
    {
      "name":"title",
      "nameColumn":"title",
      "type":"STRING",
      "primaryKey":false,
      "defaultValue":null
    },
    {
      "name":"author",
      "nameColumn":"author",
      "type":"STRING",
      "primaryKey":false,
      "defaultValue":null
    },
    {
      "name":"publishedDate",
      "nameColumn":"published_date",
      "type":"DATE",
      "primaryKey":false,
      "defaultValue":null
    },
    {
      "name":"isbn",
      "nameColumn":"isbn",
      "type":"INTEGER",
      "primaryKey":false,
      "defaultValue":null
    }
  ],
  "references":[
    {
      "isHasOneOrHasMany":true,
      "ref":"reviews",
      "association":"hasMany"
    },
    {
      "isBelongsToMany":true,
      "ref":"users_books",
      "association":"belongsToMany",
      "junctionTable":"users"
    }
  ],
  "primaryKeys":["id"],
  "options":{
    "underscored":true,
    "timestamps":false,
    "hasIdColumn":true,
    "hasPrimaryKeys":true
  }
}